corpus: 250 episodes, 507518 samples (t>=1)
[train] seed 42 ...
  seed 42 step 500/6000 loss=0.33780 (3s)
  seed 42 step 1000/6000 loss=1.06643 (6s)
  seed 42 step 1500/6000 loss=0.08970 (9s)
  seed 42 step 2000/6000 loss=0.22935 (12s)
  seed 42 step 2500/6000 loss=0.02070 (15s)
  seed 42 step 3000/6000 loss=0.15054 (18s)
  seed 42 step 3500/6000 loss=0.11920 (21s)
  seed 42 step 4000/6000 loss=0.22297 (24s)
  seed 42 step 4500/6000 loss=0.00646 (27s)
  seed 42 step 5000/6000 loss=0.00500 (30s)
  seed 42 step 5500/6000 loss=0.11365 (33s)
  seed 42 step 6000/6000 loss=0.07360 (36s)
[train] seed 142 ...
  seed 142 step 500/6000 loss=0.30621 (3s)
  seed 142 step 1000/6000 loss=0.74707 (6s)
  seed 142 step 1500/6000 loss=0.05010 (9s)
  seed 142 step 2000/6000 loss=0.01307 (12s)
  seed 142 step 2500/6000 loss=0.04466 (15s)
  seed 142 step 3000/6000 loss=0.02824 (18s)
  seed 142 step 3500/6000 loss=0.19745 (21s)
  seed 142 step 4000/6000 loss=0.05398 (24s)
  seed 142 step 4500/6000 loss=0.09438 (28s)
  seed 142 step 5000/6000 loss=0.00279 (31s)
  seed 142 step 5500/6000 loss=0.01146 (34s)
  seed 142 step 6000/6000 loss=0.19394 (37s)
[train] seed 242 ...
  seed 242 step 500/6000 loss=0.16754 (3s)
  seed 242 step 1000/6000 loss=0.37017 (6s)
  seed 242 step 1500/6000 loss=0.44146 (10s)
  seed 242 step 2000/6000 loss=0.20265 (13s)
  seed 242 step 2500/6000 loss=0.10269 (16s)
  seed 242 step 3000/6000 loss=0.09136 (19s)
  seed 242 step 3500/6000 loss=0.51373 (22s)
  seed 242 step 4000/6000 loss=0.03102 (26s)
  seed 242 step 4500/6000 loss=0.30958 (29s)
  seed 242 step 5000/6000 loss=0.25193 (32s)
  seed 242 step 5500/6000 loss=0.15376 (35s)
  seed 242 step 6000/6000 loss=0.04116 (38s)
[train] seed 342 ...
  seed 342 step 500/6000 loss=0.68678 (3s)
  seed 342 step 1000/6000 loss=0.16686 (6s)
  seed 342 step 1500/6000 loss=0.35187 (9s)
  seed 342 step 2000/6000 loss=0.48041 (12s)
  seed 342 step 2500/6000 loss=0.15457 (15s)
  seed 342 step 3000/6000 loss=0.13896 (18s)
  seed 342 step 3500/6000 loss=0.10693 (21s)
  seed 342 step 4000/6000 loss=0.17340 (24s)
  seed 342 step 4500/6000 loss=0.14065 (27s)
  seed 342 step 5000/6000 loss=0.20912 (30s)
  seed 342 step 5500/6000 loss=0.25086 (33s)
  seed 342 step 6000/6000 loss=0.02673 (36s)
[gate R] second seed-42 run (determinism byte-match) ...
  seed 42 step 500/6000 loss=0.33780 (3s)
  seed 42 step 1000/6000 loss=1.06643 (6s)
  seed 42 step 1500/6000 loss=0.08970 (9s)
  seed 42 step 2000/6000 loss=0.22935 (12s)
  seed 42 step 2500/6000 loss=0.02070 (15s)
  seed 42 step 3000/6000 loss=0.15054 (18s)
  seed 42 step 3500/6000 loss=0.11920 (21s)
  seed 42 step 4000/6000 loss=0.22297 (24s)
  seed 42 step 4500/6000 loss=0.00646 (27s)
  seed 42 step 5000/6000 loss=0.00500 (30s)
  seed 42 step 5500/6000 loss=0.11365 (33s)
  seed 42 step 6000/6000 loss=0.07360 (36s)
[gate U] per-seed corpus self-evaluation ...
[PASS] R_determinism
[PASS] S_causal_boundary
[PASS] T_budget_fidelity
[PASS] U_non_degenerate
all_passed=True wall=385.814s
